[2026-07-29 21:00:41] === Sync Start ===
[2026-07-29 21:00:41] Pull: From https://github.com/Philocalie/Daydream  * branch            main       -> FETCH_HEAD Already up to date.
[2026-07-29 21:00:41] Changes detected, committing...
[2026-07-29 21:00:41] Commit: [main 61a20e0] auto sync 2026-07-29 21:00
[2026-07-29 21:00:41] Commit:  2 files changed, 43 insertions(+)
[2026-07-29 21:00:41] Commit:  create mode 100644 .sync.log
[2026-07-29 21:00:41] Commit:  create mode 100644 sync.ps1
[2026-07-29 21:00:41] Push: To https://github.com/Philocalie/Daydream.git    a8ff674..61a20e0  main -> main
[2026-07-29 21:00:41] Sync successful!
[2026-07-29 21:00:41] === Sync End ===
[2026-07-29 21:00:41] 
[2026-07-29 21:01:31] === Sync Start ===
[2026-07-29 21:01:31] Pull: From https://github.com/Philocalie/Daydream  * branch            main       -> FETCH_HEAD Already up to date.
[2026-07-29 21:01:31] Changes detected, committing...
[2026-07-29 21:01:31] Commit: [main 088c313] auto sync 2026-07-29 21:01
[2026-07-29 21:01:31] Commit:  1 file changed, 11 insertions(+)
[2026-07-29 21:01:31] Push: To https://github.com/Philocalie/Daydream.git    61a20e0..088c313  main -> main
[2026-07-29 21:01:31] Sync successful!
[2026-07-29 21:01:31] === Sync End ===
[2026-07-29 21:01:31] 
[2026-07-29 21:02:01] === Sync Start ===
[2026-07-29 21:02:01] Pull: From https://github.com/Philocalie/Daydream  * branch            main       -> FETCH_HEAD Already up to date.
[2026-07-29 21:02:01] Changes detected, committing...
[2026-07-29 21:02:01] Commit: [main ea1e10c] auto sync 2026-07-29 21:02
[2026-07-29 21:02:01] Commit:  1 file changed, 9 insertions(+)
[2026-07-29 21:02:01] Push: To https://github.com/Philocalie/Daydream.git    088c313..ea1e10c  main -> main
[2026-07-29 21:02:01] Sync successful!
[2026-07-29 21:02:01] === Sync End ===
[2026-07-29 21:02:01] 
[2026-07-29 21:09:01] === Sync Start ===
[2026-07-29 21:09:01] Pull: fatal: unable to access 'https://github.com/Philocalie/Daydream.git/': Recv failure: Connection was reset
[2026-07-29 21:09:01] Changes detected, committing...
[2026-07-29 21:09:01] Commit: [main 3b3c79f] auto sync 2026-07-29 21:09
[2026-07-29 21:09:01] Commit:  1 file changed, 9 insertions(+)
[2026-07-29 21:09:01] Push: fatal: unable to access 'https://github.com/Philocalie/Daydream.git/': Failed to connect to github.com:443 after 21061 ms: Could not connect to server
[2026-07-29 21:09:01] Sync successful!
[2026-07-29 21:09:01] === Sync End ===
[2026-07-29 21:09:01] 
[2026-07-29 21:10:02] === Sync Start ===
[2026-07-29 21:10:02] Pull: error: RPC failed; curl 28 Failed to connect to github.com:443 after 21086 ms: Could not connect to server fatal: expected flush after ref listing
[2026-07-29 21:10:02] Changes detected, committing...
